(node:12212) [MONGODB DRIVER] Warning: useNewUrlParser is a deprecated option: useNewUrlParser has no effect since Node.js Driver version 4.0.0 and will be removed in the next major version
(Use `node --trace-warnings ...` to show where the warning was created)
(node:12212) [MONGODB DRIVER] Warning: useUnifiedTopology is a deprecated option: useUnifiedTopology has no effect since Node.js Driver version 4.0.0 and will be removed in the next major version
Erro ao fazer PUT para o id 7885: AxiosError: connect ETIMEDOUT 192.168.0.62:3333
    at AxiosError.from (C:\Projetos\aCasaBrasileira\Ponto\NAMINHAMAQUINAFUNCIONA\BancoDeDados\server\node_modules\axios\dist\node\axios.cjs:876:14)
    at RedirectableRequest.handleRequestError (C:\Projetos\aCasaBrasileira\Ponto\NAMINHAMAQUINAFUNCIONA\BancoDeDados\server\node_modules\axios\dist\node\axios.cjs:3156:25)
    at RedirectableRequest.emit (node:events:519:28)
    at eventHandlers.<computed> (C:\Projetos\aCasaBrasileira\Ponto\NAMINHAMAQUINAFUNCIONA\BancoDeDados\server\node_modules\follow-redirects\index.js:38:24)
    at ClientRequest.emit (node:events:519:28)
    at Socket.socketErrorListener (node:_http_client:500:9)
    at Socket.emit (node:events:519:28)
    at emitErrorNT (node:internal/streams/destroy:169:8)
    at emitErrorCloseNT (node:internal/streams/destroy:128:3)
    at process.processTicksAndRejections (node:internal/process/task_queues:82:21)
    at Axios.request (C:\Projetos\aCasaBrasileira\Ponto\NAMINHAMAQUINAFUNCIONA\BancoDeDados\server\node_modules\axios\dist\node\axios.cjs:4269:41)
    at process.processTicksAndRejections (node:internal/process/task_queues:95:5)
    at async processarDados (C:\Projetos\aCasaBrasileira\Ponto\NAMINHAMAQUINAFUNCIONA\BancoDeDados\server\enviarBanco.js:48:11) {
  port: 3333,
  address: '192.168.0.62',
  syscall: 'connect',
  code: 'ETIMEDOUT',
  errno: -4039,
  config: {
    transitional: {
      silentJSONParsing: true,
      forcedJSONParsing: true,
      clarifyTimeoutError: false
    },
    adapter: [ 'xhr', 'http', 'fetch' ],
    transformRequest: [ [Function: transformRequest] ],
    transformResponse: [ [Function: transformResponse] ],
    timeout: 0,
    xsrfCookieName: 'XSRF-TOKEN',
    xsrfHeaderName: 'X-XSRF-TOKEN',
    maxContentLength: -1,
    maxBodyLength: -1,
    env: { FormData: [Function], Blob: [class Blob] },
    validateStatus: [Function: validateStatus],
    headers: Object [AxiosHeaders] {
      Accept: 'application/json, text/plain, */*',
      'Content-Type': 'application/json',
      'User-Agent': 'axios/1.7.5',
      'Content-Length': '23',
      'Accept-Encoding': 'gzip, compress, deflate, br'
    },
    method: 'put',
    url: 'http://192.168.0.62:3333/cartao/7885',
    data: '{"datetime":1729868733}'
  },
  request: <ref *1> Writable {
    _events: {
      close: undefined,
      error: [Function: handleRequestError],
      prefinish: undefined,
      finish: undefined,
      drain: undefined,
      response: [Function: handleResponse],
      socket: [Function: handleRequestSocket]
    },
    _writableState: WritableState {
      highWaterMark: 16384,
      length: 0,
      corked: 0,
      onwrite: [Function: bound onwrite],
      writelen: 0,
      bufferedIndex: 0,
      pendingcb: 0,
      [Symbol(kState)]: 17580812,
      [Symbol(kBufferedValue)]: null
    },
    _maxListeners: undefined,
    _options: {
      maxRedirects: 21,
      maxBodyLength: Infinity,
      protocol: 'http:',
      path: '/cartao/7885',
      method: 'PUT',
      headers: [Object: null prototype],
      agents: [Object],
      auth: undefined,
      family: undefined,
      beforeRedirect: [Function: dispatchBeforeRedirect],
      beforeRedirects: [Object],
      hostname: '192.168.0.62',
      port: '3333',
      agent: undefined,
      nativeProtocols: [Object],
      pathname: '/cartao/7885'
    },
    _ended: false,
    _ending: true,
    _redirectCount: 0,
    _redirects: [],
    _requestBodyLength: 23,
    _requestBodyBuffers: [ [Object] ],
    _eventsCount: 3,
    _onNativeResponse: [Function (anonymous)],
    _currentRequest: ClientRequest {
      _events: [Object: null prototype],
      _eventsCount: 7,
      _maxListeners: undefined,
      outputData: [],
      outputSize: 0,
      writable: true,
      destroyed: false,
      _last: false,
      chunkedEncoding: false,
      shouldKeepAlive: true,
      maxRequestsOnConnectionReached: false,
      _defaultKeepAlive: true,
      useChunkedEncodingByDefault: true,
      sendDate: false,
      _removedConnection: false,
      _removedContLen: false,
      _removedTE: false,
      strictContentLength: false,
      _contentLength: '23',
      _hasBody: true,
      _trailer: '',
      finished: false,
      _headerSent: true,
      _closed: false,
      socket: [Socket],
      _header: 'PUT /cartao/7885 HTTP/1.1\r\n' +
        'Accept: application/json, text/plain, */*\r\n' +
        'Content-Type: application/json\r\n' +
        'User-Agent: axios/1.7.5\r\n' +
        'Content-Length: 23\r\n' +
        'Accept-Encoding: gzip, compress, deflate, br\r\n' +
        'Host: 192.168.0.62:3333\r\n' +
        'Connection: keep-alive\r\n' +
        '\r\n',
      _keepAliveTimeout: 0,
      _onPendingData: [Function: nop],
      agent: [Agent],
      socketPath: undefined,
      method: 'PUT',
      maxHeaderSize: undefined,
      insecureHTTPParser: undefined,
      joinDuplicateHeaders: undefined,
      path: '/cartao/7885',
      _ended: false,
      res: null,
      aborted: false,
      timeoutCb: [Function: emitRequestTimeout],
      upgradeOrConnect: false,
      parser: null,
      maxHeadersCount: null,
      reusedSocket: false,
      host: '192.168.0.62',
      protocol: 'http:',
      _redirectable: [Circular *1],
      [Symbol(shapeMode)]: false,
      [Symbol(kCapture)]: false,
      [Symbol(kBytesWritten)]: 0,
      [Symbol(kNeedDrain)]: false,
      [Symbol(corked)]: 0,
      [Symbol(kOutHeaders)]: [Object: null prototype],
      [Symbol(errored)]: null,
      [Symbol(kHighWaterMark)]: 16384,
      [Symbol(kRejectNonStandardBodyWrites)]: false,
      [Symbol(kUniqueHeaders)]: null
    },
    _currentUrl: 'http://192.168.0.62:3333/cartao/7885',
    [Symbol(shapeMode)]: true,
    [Symbol(kCapture)]: false
  },
  cause: Error: connect ETIMEDOUT 192.168.0.62:3333
      at TCPConnectWrap.afterConnect [as oncomplete] (node:net:1607:16) {
    errno: -4039,
    code: 'ETIMEDOUT',
    syscall: 'connect',
    address: '192.168.0.62',
    port: 3333
  }
}
Erro ao fazer PUT para o id 7885: AxiosError: connect ETIMEDOUT 192.168.0.62:3333
    at AxiosError.from (C:\Projetos\aCasaBrasileira\Ponto\NAMINHAMAQUINAFUNCIONA\BancoDeDados\server\node_modules\axios\dist\node\axios.cjs:876:14)
    at RedirectableRequest.handleRequestError (C:\Projetos\aCasaBrasileira\Ponto\NAMINHAMAQUINAFUNCIONA\BancoDeDados\server\node_modules\axios\dist\node\axios.cjs:3156:25)
    at RedirectableRequest.emit (node:events:519:28)
    at eventHandlers.<computed> (C:\Projetos\aCasaBrasileira\Ponto\NAMINHAMAQUINAFUNCIONA\BancoDeDados\server\node_modules\follow-redirects\index.js:38:24)
    at ClientRequest.emit (node:events:519:28)
    at Socket.socketErrorListener (node:_http_client:500:9)
    at Socket.emit (node:events:519:28)
    at emitErrorNT (node:internal/streams/destroy:169:8)
    at emitErrorCloseNT (node:internal/streams/destroy:128:3)
    at process.processTicksAndRejections (node:internal/process/task_queues:82:21)
    at Axios.request (C:\Projetos\aCasaBrasileira\Ponto\NAMINHAMAQUINAFUNCIONA\BancoDeDados\server\node_modules\axios\dist\node\axios.cjs:4269:41)
    at process.processTicksAndRejections (node:internal/process/task_queues:95:5)
    at async processarDados (C:\Projetos\aCasaBrasileira\Ponto\NAMINHAMAQUINAFUNCIONA\BancoDeDados\server\enviarBanco.js:48:11) {
  port: 3333,
  address: '192.168.0.62',
  syscall: 'connect',
  code: 'ETIMEDOUT',
  errno: -4039,
  config: {
    transitional: {
      silentJSONParsing: true,
      forcedJSONParsing: true,
      clarifyTimeoutError: false
    },
    adapter: [ 'xhr', 'http', 'fetch' ],
    transformRequest: [ [Function: transformRequest] ],
    transformResponse: [ [Function: transformResponse] ],
    timeout: 0,
    xsrfCookieName: 'XSRF-TOKEN',
    xsrfHeaderName: 'X-XSRF-TOKEN',
    maxContentLength: -1,
    maxBodyLength: -1,
    env: { FormData: [Function], Blob: [class Blob] },
    validateStatus: [Function: validateStatus],
    headers: Object [AxiosHeaders] {
      Accept: 'application/json, text/plain, */*',
      'Content-Type': 'application/json',
      'User-Agent': 'axios/1.7.5',
      'Content-Length': '23',
      'Accept-Encoding': 'gzip, compress, deflate, br'
    },
    method: 'put',
    url: 'http://192.168.0.62:3333/cartao/7885',
    data: '{"datetime":1729868733}'
  },
  request: <ref *1> Writable {
    _events: {
      close: undefined,
      error: [Function: handleRequestError],
      prefinish: undefined,
      finish: undefined,
      drain: undefined,
      response: [Function: handleResponse],
      socket: [Function: handleRequestSocket]
    },
    _writableState: WritableState {
      highWaterMark: 16384,
      length: 0,
      corked: 0,
      onwrite: [Function: bound onwrite],
      writelen: 0,
      bufferedIndex: 0,
      pendingcb: 0,
      [Symbol(kState)]: 17580812,
      [Symbol(kBufferedValue)]: null
    },
    _maxListeners: undefined,
    _options: {
      maxRedirects: 21,
      maxBodyLength: Infinity,
      protocol: 'http:',
      path: '/cartao/7885',
      method: 'PUT',
      headers: [Object: null prototype],
      agents: [Object],
      auth: undefined,
      family: undefined,
      beforeRedirect: [Function: dispatchBeforeRedirect],
      beforeRedirects: [Object],
      hostname: '192.168.0.62',
      port: '3333',
      agent: undefined,
      nativeProtocols: [Object],
      pathname: '/cartao/7885'
    },
    _ended: false,
    _ending: true,
    _redirectCount: 0,
    _redirects: [],
    _requestBodyLength: 23,
    _requestBodyBuffers: [ [Object] ],
    _eventsCount: 3,
    _onNativeResponse: [Function (anonymous)],
    _currentRequest: ClientRequest {
      _events: [Object: null prototype],
      _eventsCount: 7,
      _maxListeners: undefined,
      outputData: [],
      outputSize: 0,
      writable: true,
      destroyed: false,
      _last: false,
      chunkedEncoding: false,
      shouldKeepAlive: true,
      maxRequestsOnConnectionReached: false,
      _defaultKeepAlive: true,
      useChunkedEncodingByDefault: true,
      sendDate: false,
      _removedConnection: false,
      _removedContLen: false,
      _removedTE: false,
      strictContentLength: false,
      _contentLength: '23',
      _hasBody: true,
      _trailer: '',
      finished: false,
      _headerSent: true,
      _closed: false,
      socket: [Socket],
      _header: 'PUT /cartao/7885 HTTP/1.1\r\n' +
        'Accept: application/json, text/plain, */*\r\n' +
        'Content-Type: application/json\r\n' +
        'User-Agent: axios/1.7.5\r\n' +
        'Content-Length: 23\r\n' +
        'Accept-Encoding: gzip, compress, deflate, br\r\n' +
        'Host: 192.168.0.62:3333\r\n' +
        'Connection: keep-alive\r\n' +
        '\r\n',
      _keepAliveTimeout: 0,
      _onPendingData: [Function: nop],
      agent: [Agent],
      socketPath: undefined,
      method: 'PUT',
      maxHeaderSize: undefined,
      insecureHTTPParser: undefined,
      joinDuplicateHeaders: undefined,
      path: '/cartao/7885',
      _ended: false,
      res: null,
      aborted: false,
      timeoutCb: [Function: emitRequestTimeout],
      upgradeOrConnect: false,
      parser: null,
      maxHeadersCount: null,
      reusedSocket: false,
      host: '192.168.0.62',
      protocol: 'http:',
      _redirectable: [Circular *1],
      [Symbol(shapeMode)]: false,
      [Symbol(kCapture)]: false,
      [Symbol(kBytesWritten)]: 0,
      [Symbol(kNeedDrain)]: false,
      [Symbol(corked)]: 0,
      [Symbol(kOutHeaders)]: [Object: null prototype],
      [Symbol(errored)]: null,
      [Symbol(kHighWaterMark)]: 16384,
      [Symbol(kRejectNonStandardBodyWrites)]: false,
      [Symbol(kUniqueHeaders)]: null
    },
    _currentUrl: 'http://192.168.0.62:3333/cartao/7885',
    [Symbol(shapeMode)]: true,
    [Symbol(kCapture)]: false
  },
  cause: Error: connect ETIMEDOUT 192.168.0.62:3333
      at TCPConnectWrap.afterConnect [as oncomplete] (node:net:1607:16) {
    errno: -4039,
    code: 'ETIMEDOUT',
    syscall: 'connect',
    address: '192.168.0.62',
    port: 3333
  }
}
(node:8584) [MONGODB DRIVER] Warning: useNewUrlParser is a deprecated option: useNewUrlParser has no effect since Node.js Driver version 4.0.0 and will be removed in the next major version
(Use `node --trace-warnings ...` to show where the warning was created)
(node:8584) [MONGODB DRIVER] Warning: useUnifiedTopology is a deprecated option: useUnifiedTopology has no effect since Node.js Driver version 4.0.0 and will be removed in the next major version
Erro ao fazer PUT para o id 7885: AxiosError: connect ETIMEDOUT 192.168.0.62:3333
    at AxiosError.from (C:\Projetos\aCasaBrasileira\Ponto\NAMINHAMAQUINAFUNCIONA\BancoDeDados\server\node_modules\axios\dist\node\axios.cjs:876:14)
    at RedirectableRequest.handleRequestError (C:\Projetos\aCasaBrasileira\Ponto\NAMINHAMAQUINAFUNCIONA\BancoDeDados\server\node_modules\axios\dist\node\axios.cjs:3156:25)
    at RedirectableRequest.emit (node:events:519:28)
    at eventHandlers.<computed> (C:\Projetos\aCasaBrasileira\Ponto\NAMINHAMAQUINAFUNCIONA\BancoDeDados\server\node_modules\follow-redirects\index.js:38:24)
    at ClientRequest.emit (node:events:519:28)
    at Socket.socketErrorListener (node:_http_client:500:9)
    at Socket.emit (node:events:519:28)
    at emitErrorNT (node:internal/streams/destroy:169:8)
    at emitErrorCloseNT (node:internal/streams/destroy:128:3)
    at process.processTicksAndRejections (node:internal/process/task_queues:82:21)
    at Axios.request (C:\Projetos\aCasaBrasileira\Ponto\NAMINHAMAQUINAFUNCIONA\BancoDeDados\server\node_modules\axios\dist\node\axios.cjs:4269:41)
    at process.processTicksAndRejections (node:internal/process/task_queues:95:5)
    at async processarDados (C:\Projetos\aCasaBrasileira\Ponto\NAMINHAMAQUINAFUNCIONA\BancoDeDados\server\enviarBanco.js:48:11) {
  port: 3333,
  address: '192.168.0.62',
  syscall: 'connect',
  code: 'ETIMEDOUT',
  errno: -4039,
  config: {
    transitional: {
      silentJSONParsing: true,
      forcedJSONParsing: true,
      clarifyTimeoutError: false
    },
    adapter: [ 'xhr', 'http', 'fetch' ],
    transformRequest: [ [Function: transformRequest] ],
    transformResponse: [ [Function: transformResponse] ],
    timeout: 0,
    xsrfCookieName: 'XSRF-TOKEN',
    xsrfHeaderName: 'X-XSRF-TOKEN',
    maxContentLength: -1,
    maxBodyLength: -1,
    env: { FormData: [Function], Blob: [class Blob] },
    validateStatus: [Function: validateStatus],
    headers: Object [AxiosHeaders] {
      Accept: 'application/json, text/plain, */*',
      'Content-Type': 'application/json',
      'User-Agent': 'axios/1.7.5',
      'Content-Length': '23',
      'Accept-Encoding': 'gzip, compress, deflate, br'
    },
    method: 'put',
    url: 'http://192.168.0.62:3333/cartao/7885',
    data: '{"datetime":1729868733}'
  },
  request: <ref *1> Writable {
    _events: {
      close: undefined,
      error: [Function: handleRequestError],
      prefinish: undefined,
      finish: undefined,
      drain: undefined,
      response: [Function: handleResponse],
      socket: [Function: handleRequestSocket]
    },
    _writableState: WritableState {
      highWaterMark: 16384,
      length: 0,
      corked: 0,
      onwrite: [Function: bound onwrite],
      writelen: 0,
      bufferedIndex: 0,
      pendingcb: 0,
      [Symbol(kState)]: 17580812,
      [Symbol(kBufferedValue)]: null
    },
    _maxListeners: undefined,
    _options: {
      maxRedirects: 21,
      maxBodyLength: Infinity,
      protocol: 'http:',
      path: '/cartao/7885',
      method: 'PUT',
      headers: [Object: null prototype],
      agents: [Object],
      auth: undefined,
      family: undefined,
      beforeRedirect: [Function: dispatchBeforeRedirect],
      beforeRedirects: [Object],
      hostname: '192.168.0.62',
      port: '3333',
      agent: undefined,
      nativeProtocols: [Object],
      pathname: '/cartao/7885'
    },
    _ended: false,
    _ending: true,
    _redirectCount: 0,
    _redirects: [],
    _requestBodyLength: 23,
    _requestBodyBuffers: [ [Object] ],
    _eventsCount: 3,
    _onNativeResponse: [Function (anonymous)],
    _currentRequest: ClientRequest {
      _events: [Object: null prototype],
      _eventsCount: 7,
      _maxListeners: undefined,
      outputData: [],
      outputSize: 0,
      writable: true,
      destroyed: false,
      _last: false,
      chunkedEncoding: false,
      shouldKeepAlive: true,
      maxRequestsOnConnectionReached: false,
      _defaultKeepAlive: true,
      useChunkedEncodingByDefault: true,
      sendDate: false,
      _removedConnection: false,
      _removedContLen: false,
      _removedTE: false,
      strictContentLength: false,
      _contentLength: '23',
      _hasBody: true,
      _trailer: '',
      finished: false,
      _headerSent: true,
      _closed: false,
      socket: [Socket],
      _header: 'PUT /cartao/7885 HTTP/1.1\r\n' +
        'Accept: application/json, text/plain, */*\r\n' +
        'Content-Type: application/json\r\n' +
        'User-Agent: axios/1.7.5\r\n' +
        'Content-Length: 23\r\n' +
        'Accept-Encoding: gzip, compress, deflate, br\r\n' +
        'Host: 192.168.0.62:3333\r\n' +
        'Connection: keep-alive\r\n' +
        '\r\n',
      _keepAliveTimeout: 0,
      _onPendingData: [Function: nop],
      agent: [Agent],
      socketPath: undefined,
      method: 'PUT',
      maxHeaderSize: undefined,
      insecureHTTPParser: undefined,
      joinDuplicateHeaders: undefined,
      path: '/cartao/7885',
      _ended: false,
      res: null,
      aborted: false,
      timeoutCb: [Function: emitRequestTimeout],
      upgradeOrConnect: false,
      parser: null,
      maxHeadersCount: null,
      reusedSocket: false,
      host: '192.168.0.62',
      protocol: 'http:',
      _redirectable: [Circular *1],
      [Symbol(shapeMode)]: false,
      [Symbol(kCapture)]: false,
      [Symbol(kBytesWritten)]: 0,
      [Symbol(kNeedDrain)]: false,
      [Symbol(corked)]: 0,
      [Symbol(kOutHeaders)]: [Object: null prototype],
      [Symbol(errored)]: null,
      [Symbol(kHighWaterMark)]: 16384,
      [Symbol(kRejectNonStandardBodyWrites)]: false,
      [Symbol(kUniqueHeaders)]: null
    },
    _currentUrl: 'http://192.168.0.62:3333/cartao/7885',
    [Symbol(shapeMode)]: true,
    [Symbol(kCapture)]: false
  },
  cause: Error: connect ETIMEDOUT 192.168.0.62:3333
      at TCPConnectWrap.afterConnect [as oncomplete] (node:net:1607:16) {
    errno: -4039,
    code: 'ETIMEDOUT',
    syscall: 'connect',
    address: '192.168.0.62',
    port: 3333
  }
}
Erro ao fazer PUT para o id 7885: AxiosError: connect ETIMEDOUT 192.168.0.62:3333
    at AxiosError.from (C:\Projetos\aCasaBrasileira\Ponto\NAMINHAMAQUINAFUNCIONA\BancoDeDados\server\node_modules\axios\dist\node\axios.cjs:876:14)
    at RedirectableRequest.handleRequestError (C:\Projetos\aCasaBrasileira\Ponto\NAMINHAMAQUINAFUNCIONA\BancoDeDados\server\node_modules\axios\dist\node\axios.cjs:3156:25)
    at RedirectableRequest.emit (node:events:519:28)
    at eventHandlers.<computed> (C:\Projetos\aCasaBrasileira\Ponto\NAMINHAMAQUINAFUNCIONA\BancoDeDados\server\node_modules\follow-redirects\index.js:38:24)
    at ClientRequest.emit (node:events:519:28)
    at Socket.socketErrorListener (node:_http_client:500:9)
    at Socket.emit (node:events:519:28)
    at emitErrorNT (node:internal/streams/destroy:169:8)
    at emitErrorCloseNT (node:internal/streams/destroy:128:3)
    at process.processTicksAndRejections (node:internal/process/task_queues:82:21)
    at Axios.request (C:\Projetos\aCasaBrasileira\Ponto\NAMINHAMAQUINAFUNCIONA\BancoDeDados\server\node_modules\axios\dist\node\axios.cjs:4269:41)
    at process.processTicksAndRejections (node:internal/process/task_queues:95:5)
    at async processarDados (C:\Projetos\aCasaBrasileira\Ponto\NAMINHAMAQUINAFUNCIONA\BancoDeDados\server\enviarBanco.js:48:11) {
  port: 3333,
  address: '192.168.0.62',
  syscall: 'connect',
  code: 'ETIMEDOUT',
  errno: -4039,
  config: {
    transitional: {
      silentJSONParsing: true,
      forcedJSONParsing: true,
      clarifyTimeoutError: false
    },
    adapter: [ 'xhr', 'http', 'fetch' ],
    transformRequest: [ [Function: transformRequest] ],
    transformResponse: [ [Function: transformResponse] ],
    timeout: 0,
    xsrfCookieName: 'XSRF-TOKEN',
    xsrfHeaderName: 'X-XSRF-TOKEN',
    maxContentLength: -1,
    maxBodyLength: -1,
    env: { FormData: [Function], Blob: [class Blob] },
    validateStatus: [Function: validateStatus],
    headers: Object [AxiosHeaders] {
      Accept: 'application/json, text/plain, */*',
      'Content-Type': 'application/json',
      'User-Agent': 'axios/1.7.5',
      'Content-Length': '23',
      'Accept-Encoding': 'gzip, compress, deflate, br'
    },
    method: 'put',
    url: 'http://192.168.0.62:3333/cartao/7885',
    data: '{"datetime":1729868733}'
  },
  request: <ref *1> Writable {
    _events: {
      close: undefined,
      error: [Function: handleRequestError],
      prefinish: undefined,
      finish: undefined,
      drain: undefined,
      response: [Function: handleResponse],
      socket: [Function: handleRequestSocket]
    },
    _writableState: WritableState {
      highWaterMark: 16384,
      length: 0,
      corked: 0,
      onwrite: [Function: bound onwrite],
      writelen: 0,
      bufferedIndex: 0,
      pendingcb: 0,
      [Symbol(kState)]: 17580812,
      [Symbol(kBufferedValue)]: null
    },
    _maxListeners: undefined,
    _options: {
      maxRedirects: 21,
      maxBodyLength: Infinity,
      protocol: 'http:',
      path: '/cartao/7885',
      method: 'PUT',
      headers: [Object: null prototype],
      agents: [Object],
      auth: undefined,
      family: undefined,
      beforeRedirect: [Function: dispatchBeforeRedirect],
      beforeRedirects: [Object],
      hostname: '192.168.0.62',
      port: '3333',
      agent: undefined,
      nativeProtocols: [Object],
      pathname: '/cartao/7885'
    },
    _ended: false,
    _ending: true,
    _redirectCount: 0,
    _redirects: [],
    _requestBodyLength: 23,
    _requestBodyBuffers: [ [Object] ],
    _eventsCount: 3,
    _onNativeResponse: [Function (anonymous)],
    _currentRequest: ClientRequest {
      _events: [Object: null prototype],
      _eventsCount: 7,
      _maxListeners: undefined,
      outputData: [],
      outputSize: 0,
      writable: true,
      destroyed: false,
      _last: false,
      chunkedEncoding: false,
      shouldKeepAlive: true,
      maxRequestsOnConnectionReached: false,
      _defaultKeepAlive: true,
      useChunkedEncodingByDefault: true,
      sendDate: false,
      _removedConnection: false,
      _removedContLen: false,
      _removedTE: false,
      strictContentLength: false,
      _contentLength: '23',
      _hasBody: true,
      _trailer: '',
      finished: false,
      _headerSent: true,
      _closed: false,
      socket: [Socket],
      _header: 'PUT /cartao/7885 HTTP/1.1\r\n' +
        'Accept: application/json, text/plain, */*\r\n' +
        'Content-Type: application/json\r\n' +
        'User-Agent: axios/1.7.5\r\n' +
        'Content-Length: 23\r\n' +
        'Accept-Encoding: gzip, compress, deflate, br\r\n' +
        'Host: 192.168.0.62:3333\r\n' +
        'Connection: keep-alive\r\n' +
        '\r\n',
      _keepAliveTimeout: 0,
      _onPendingData: [Function: nop],
      agent: [Agent],
      socketPath: undefined,
      method: 'PUT',
      maxHeaderSize: undefined,
      insecureHTTPParser: undefined,
      joinDuplicateHeaders: undefined,
      path: '/cartao/7885',
      _ended: false,
      res: null,
      aborted: false,
      timeoutCb: [Function: emitRequestTimeout],
      upgradeOrConnect: false,
      parser: null,
      maxHeadersCount: null,
      reusedSocket: false,
      host: '192.168.0.62',
      protocol: 'http:',
      _redirectable: [Circular *1],
      [Symbol(shapeMode)]: false,
      [Symbol(kCapture)]: false,
      [Symbol(kBytesWritten)]: 0,
      [Symbol(kNeedDrain)]: false,
      [Symbol(corked)]: 0,
      [Symbol(kOutHeaders)]: [Object: null prototype],
      [Symbol(errored)]: null,
      [Symbol(kHighWaterMark)]: 16384,
      [Symbol(kRejectNonStandardBodyWrites)]: false,
      [Symbol(kUniqueHeaders)]: null
    },
    _currentUrl: 'http://192.168.0.62:3333/cartao/7885',
    [Symbol(shapeMode)]: true,
    [Symbol(kCapture)]: false
  },
  cause: Error: connect ETIMEDOUT 192.168.0.62:3333
      at TCPConnectWrap.afterConnect [as oncomplete] (node:net:1607:16) {
    errno: -4039,
    code: 'ETIMEDOUT',
    syscall: 'connect',
    address: '192.168.0.62',
    port: 3333
  }
}
Erro ao fazer PUT para o id 7885: AxiosError: connect ETIMEDOUT 192.168.0.62:3333
    at AxiosError.from (C:\Projetos\aCasaBrasileira\Ponto\NAMINHAMAQUINAFUNCIONA\BancoDeDados\server\node_modules\axios\dist\node\axios.cjs:876:14)
    at RedirectableRequest.handleRequestError (C:\Projetos\aCasaBrasileira\Ponto\NAMINHAMAQUINAFUNCIONA\BancoDeDados\server\node_modules\axios\dist\node\axios.cjs:3156:25)
    at RedirectableRequest.emit (node:events:519:28)
    at eventHandlers.<computed> (C:\Projetos\aCasaBrasileira\Ponto\NAMINHAMAQUINAFUNCIONA\BancoDeDados\server\node_modules\follow-redirects\index.js:38:24)
    at ClientRequest.emit (node:events:519:28)
    at Socket.socketErrorListener (node:_http_client:500:9)
    at Socket.emit (node:events:519:28)
    at emitErrorNT (node:internal/streams/destroy:169:8)
    at emitErrorCloseNT (node:internal/streams/destroy:128:3)
    at process.processTicksAndRejections (node:internal/process/task_queues:82:21)
    at Axios.request (C:\Projetos\aCasaBrasileira\Ponto\NAMINHAMAQUINAFUNCIONA\BancoDeDados\server\node_modules\axios\dist\node\axios.cjs:4269:41)
    at process.processTicksAndRejections (node:internal/process/task_queues:95:5)
    at async processarDados (C:\Projetos\aCasaBrasileira\Ponto\NAMINHAMAQUINAFUNCIONA\BancoDeDados\server\enviarBanco.js:48:11) {
  port: 3333,
  address: '192.168.0.62',
  syscall: 'connect',
  code: 'ETIMEDOUT',
  errno: -4039,
  config: {
    transitional: {
      silentJSONParsing: true,
      forcedJSONParsing: true,
      clarifyTimeoutError: false
    },
    adapter: [ 'xhr', 'http', 'fetch' ],
    transformRequest: [ [Function: transformRequest] ],
    transformResponse: [ [Function: transformResponse] ],
    timeout: 0,
    xsrfCookieName: 'XSRF-TOKEN',
    xsrfHeaderName: 'X-XSRF-TOKEN',
    maxContentLength: -1,
    maxBodyLength: -1,
    env: { FormData: [Function], Blob: [class Blob] },
    validateStatus: [Function: validateStatus],
    headers: Object [AxiosHeaders] {
      Accept: 'application/json, text/plain, */*',
      'Content-Type': 'application/json',
      'User-Agent': 'axios/1.7.5',
      'Content-Length': '23',
      'Accept-Encoding': 'gzip, compress, deflate, br'
    },
    method: 'put',
    url: 'http://192.168.0.62:3333/cartao/7885',
    data: '{"datetime":1729868733}'
  },
  request: <ref *1> Writable {
    _events: {
      close: undefined,
      error: [Function: handleRequestError],
      prefinish: undefined,
      finish: undefined,
      drain: undefined,
      response: [Function: handleResponse],
      socket: [Function: handleRequestSocket]
    },
    _writableState: WritableState {
      highWaterMark: 16384,
      length: 0,
      corked: 0,
      onwrite: [Function: bound onwrite],
      writelen: 0,
      bufferedIndex: 0,
      pendingcb: 0,
      [Symbol(kState)]: 17580812,
      [Symbol(kBufferedValue)]: null
    },
    _maxListeners: undefined,
    _options: {
      maxRedirects: 21,
      maxBodyLength: Infinity,
      protocol: 'http:',
      path: '/cartao/7885',
      method: 'PUT',
      headers: [Object: null prototype],
      agents: [Object],
      auth: undefined,
      family: undefined,
      beforeRedirect: [Function: dispatchBeforeRedirect],
      beforeRedirects: [Object],
      hostname: '192.168.0.62',
      port: '3333',
      agent: undefined,
      nativeProtocols: [Object],
      pathname: '/cartao/7885'
    },
    _ended: false,
    _ending: true,
    _redirectCount: 0,
    _redirects: [],
    _requestBodyLength: 23,
    _requestBodyBuffers: [ [Object] ],
    _eventsCount: 3,
    _onNativeResponse: [Function (anonymous)],
    _currentRequest: ClientRequest {
      _events: [Object: null prototype],
      _eventsCount: 7,
      _maxListeners: undefined,
      outputData: [],
      outputSize: 0,
      writable: true,
      destroyed: false,
      _last: false,
      chunkedEncoding: false,
      shouldKeepAlive: true,
      maxRequestsOnConnectionReached: false,
      _defaultKeepAlive: true,
      useChunkedEncodingByDefault: true,
      sendDate: false,
      _removedConnection: false,
      _removedContLen: false,
      _removedTE: false,
      strictContentLength: false,
      _contentLength: '23',
      _hasBody: true,
      _trailer: '',
      finished: false,
      _headerSent: true,
      _closed: false,
      socket: [Socket],
      _header: 'PUT /cartao/7885 HTTP/1.1\r\n' +
        'Accept: application/json, text/plain, */*\r\n' +
        'Content-Type: application/json\r\n' +
        'User-Agent: axios/1.7.5\r\n' +
        'Content-Length: 23\r\n' +
        'Accept-Encoding: gzip, compress, deflate, br\r\n' +
        'Host: 192.168.0.62:3333\r\n' +
        'Connection: keep-alive\r\n' +
        '\r\n',
      _keepAliveTimeout: 0,
      _onPendingData: [Function: nop],
      agent: [Agent],
      socketPath: undefined,
      method: 'PUT',
      maxHeaderSize: undefined,
      insecureHTTPParser: undefined,
      joinDuplicateHeaders: undefined,
      path: '/cartao/7885',
      _ended: false,
      res: null,
      aborted: false,
      timeoutCb: [Function: emitRequestTimeout],
      upgradeOrConnect: false,
      parser: null,
      maxHeadersCount: null,
      reusedSocket: false,
      host: '192.168.0.62',
      protocol: 'http:',
      _redirectable: [Circular *1],
      [Symbol(shapeMode)]: false,
      [Symbol(kCapture)]: false,
      [Symbol(kBytesWritten)]: 0,
      [Symbol(kNeedDrain)]: false,
      [Symbol(corked)]: 0,
      [Symbol(kOutHeaders)]: [Object: null prototype],
      [Symbol(errored)]: null,
      [Symbol(kHighWaterMark)]: 16384,
      [Symbol(kRejectNonStandardBodyWrites)]: false,
      [Symbol(kUniqueHeaders)]: null
    },
    _currentUrl: 'http://192.168.0.62:3333/cartao/7885',
    [Symbol(shapeMode)]: true,
    [Symbol(kCapture)]: false
  },
  cause: Error: connect ETIMEDOUT 192.168.0.62:3333
      at TCPConnectWrap.afterConnect [as oncomplete] (node:net:1607:16) {
    errno: -4039,
    code: 'ETIMEDOUT',
    syscall: 'connect',
    address: '192.168.0.62',
    port: 3333
  }
}
Erro ao fazer PUT para o id 7885: AxiosError: connect ETIMEDOUT 192.168.0.62:3333
    at AxiosError.from (C:\Projetos\aCasaBrasileira\Ponto\NAMINHAMAQUINAFUNCIONA\BancoDeDados\server\node_modules\axios\dist\node\axios.cjs:876:14)
    at RedirectableRequest.handleRequestError (C:\Projetos\aCasaBrasileira\Ponto\NAMINHAMAQUINAFUNCIONA\BancoDeDados\server\node_modules\axios\dist\node\axios.cjs:3156:25)
    at RedirectableRequest.emit (node:events:519:28)
    at eventHandlers.<computed> (C:\Projetos\aCasaBrasileira\Ponto\NAMINHAMAQUINAFUNCIONA\BancoDeDados\server\node_modules\follow-redirects\index.js:38:24)
    at ClientRequest.emit (node:events:519:28)
    at Socket.socketErrorListener (node:_http_client:500:9)
    at Socket.emit (node:events:519:28)
    at emitErrorNT (node:internal/streams/destroy:169:8)
    at emitErrorCloseNT (node:internal/streams/destroy:128:3)
    at process.processTicksAndRejections (node:internal/process/task_queues:82:21)
    at Axios.request (C:\Projetos\aCasaBrasileira\Ponto\NAMINHAMAQUINAFUNCIONA\BancoDeDados\server\node_modules\axios\dist\node\axios.cjs:4269:41)
    at process.processTicksAndRejections (node:internal/process/task_queues:95:5)
    at async processarDados (C:\Projetos\aCasaBrasileira\Ponto\NAMINHAMAQUINAFUNCIONA\BancoDeDados\server\enviarBanco.js:48:11) {
  port: 3333,
  address: '192.168.0.62',
  syscall: 'connect',
  code: 'ETIMEDOUT',
  errno: -4039,
  config: {
    transitional: {
      silentJSONParsing: true,
      forcedJSONParsing: true,
      clarifyTimeoutError: false
    },
    adapter: [ 'xhr', 'http', 'fetch' ],
    transformRequest: [ [Function: transformRequest] ],
    transformResponse: [ [Function: transformResponse] ],
    timeout: 0,
    xsrfCookieName: 'XSRF-TOKEN',
    xsrfHeaderName: 'X-XSRF-TOKEN',
    maxContentLength: -1,
    maxBodyLength: -1,
    env: { FormData: [Function], Blob: [class Blob] },
    validateStatus: [Function: validateStatus],
    headers: Object [AxiosHeaders] {
      Accept: 'application/json, text/plain, */*',
      'Content-Type': 'application/json',
      'User-Agent': 'axios/1.7.5',
      'Content-Length': '23',
      'Accept-Encoding': 'gzip, compress, deflate, br'
    },
    method: 'put',
    url: 'http://192.168.0.62:3333/cartao/7885',
    data: '{"datetime":1729868733}'
  },
  request: <ref *1> Writable {
    _events: {
      close: undefined,
      error: [Function: handleRequestError],
      prefinish: undefined,
      finish: undefined,
      drain: undefined,
      response: [Function: handleResponse],
      socket: [Function: handleRequestSocket]
    },
    _writableState: WritableState {
      highWaterMark: 16384,
      length: 0,
      corked: 0,
      onwrite: [Function: bound onwrite],
      writelen: 0,
      bufferedIndex: 0,
      pendingcb: 0,
      [Symbol(kState)]: 17580812,
      [Symbol(kBufferedValue)]: null
    },
    _maxListeners: undefined,
    _options: {
      maxRedirects: 21,
      maxBodyLength: Infinity,
      protocol: 'http:',
      path: '/cartao/7885',
      method: 'PUT',
      headers: [Object: null prototype],
      agents: [Object],
      auth: undefined,
      family: undefined,
      beforeRedirect: [Function: dispatchBeforeRedirect],
      beforeRedirects: [Object],
      hostname: '192.168.0.62',
      port: '3333',
      agent: undefined,
      nativeProtocols: [Object],
      pathname: '/cartao/7885'
    },
    _ended: false,
    _ending: true,
    _redirectCount: 0,
    _redirects: [],
    _requestBodyLength: 23,
    _requestBodyBuffers: [ [Object] ],
    _eventsCount: 3,
    _onNativeResponse: [Function (anonymous)],
    _currentRequest: ClientRequest {
      _events: [Object: null prototype],
      _eventsCount: 7,
      _maxListeners: undefined,
      outputData: [],
      outputSize: 0,
      writable: true,
      destroyed: false,
      _last: false,
      chunkedEncoding: false,
      shouldKeepAlive: true,
      maxRequestsOnConnectionReached: false,
      _defaultKeepAlive: true,
      useChunkedEncodingByDefault: true,
      sendDate: false,
      _removedConnection: false,
      _removedContLen: false,
      _removedTE: false,
      strictContentLength: false,
      _contentLength: '23',
      _hasBody: true,
      _trailer: '',
      finished: false,
      _headerSent: true,
      _closed: false,
      socket: [Socket],
      _header: 'PUT /cartao/7885 HTTP/1.1\r\n' +
        'Accept: application/json, text/plain, */*\r\n' +
        'Content-Type: application/json\r\n' +
        'User-Agent: axios/1.7.5\r\n' +
        'Content-Length: 23\r\n' +
        'Accept-Encoding: gzip, compress, deflate, br\r\n' +
        'Host: 192.168.0.62:3333\r\n' +
        'Connection: keep-alive\r\n' +
        '\r\n',
      _keepAliveTimeout: 0,
      _onPendingData: [Function: nop],
      agent: [Agent],
      socketPath: undefined,
      method: 'PUT',
      maxHeaderSize: undefined,
      insecureHTTPParser: undefined,
      joinDuplicateHeaders: undefined,
      path: '/cartao/7885',
      _ended: false,
      res: null,
      aborted: false,
      timeoutCb: [Function: emitRequestTimeout],
      upgradeOrConnect: false,
      parser: null,
      maxHeadersCount: null,
      reusedSocket: false,
      host: '192.168.0.62',
      protocol: 'http:',
      _redirectable: [Circular *1],
      [Symbol(shapeMode)]: false,
      [Symbol(kCapture)]: false,
      [Symbol(kBytesWritten)]: 0,
      [Symbol(kNeedDrain)]: false,
      [Symbol(corked)]: 0,
      [Symbol(kOutHeaders)]: [Object: null prototype],
      [Symbol(errored)]: null,
      [Symbol(kHighWaterMark)]: 16384,
      [Symbol(kRejectNonStandardBodyWrites)]: false,
      [Symbol(kUniqueHeaders)]: null
    },
    _currentUrl: 'http://192.168.0.62:3333/cartao/7885',
    [Symbol(shapeMode)]: true,
    [Symbol(kCapture)]: false
  },
  cause: Error: connect ETIMEDOUT 192.168.0.62:3333
      at TCPConnectWrap.afterConnect [as oncomplete] (node:net:1607:16) {
    errno: -4039,
    code: 'ETIMEDOUT',
    syscall: 'connect',
    address: '192.168.0.62',
    port: 3333
  }
}
Erro ao fazer PUT para o id 7885: AxiosError: connect ETIMEDOUT 192.168.0.62:3333
    at AxiosError.from (C:\Projetos\aCasaBrasileira\Ponto\NAMINHAMAQUINAFUNCIONA\BancoDeDados\server\node_modules\axios\dist\node\axios.cjs:876:14)
    at RedirectableRequest.handleRequestError (C:\Projetos\aCasaBrasileira\Ponto\NAMINHAMAQUINAFUNCIONA\BancoDeDados\server\node_modules\axios\dist\node\axios.cjs:3156:25)
    at RedirectableRequest.emit (node:events:519:28)
    at eventHandlers.<computed> (C:\Projetos\aCasaBrasileira\Ponto\NAMINHAMAQUINAFUNCIONA\BancoDeDados\server\node_modules\follow-redirects\index.js:38:24)
    at ClientRequest.emit (node:events:519:28)
    at Socket.socketErrorListener (node:_http_client:500:9)
    at Socket.emit (node:events:519:28)
    at emitErrorNT (node:internal/streams/destroy:169:8)
    at emitErrorCloseNT (node:internal/streams/destroy:128:3)
    at process.processTicksAndRejections (node:internal/process/task_queues:82:21)
    at Axios.request (C:\Projetos\aCasaBrasileira\Ponto\NAMINHAMAQUINAFUNCIONA\BancoDeDados\server\node_modules\axios\dist\node\axios.cjs:4269:41)
    at process.processTicksAndRejections (node:internal/process/task_queues:95:5)
    at async processarDados (C:\Projetos\aCasaBrasileira\Ponto\NAMINHAMAQUINAFUNCIONA\BancoDeDados\server\enviarBanco.js:48:11) {
  port: 3333,
  address: '192.168.0.62',
  syscall: 'connect',
  code: 'ETIMEDOUT',
  errno: -4039,
  config: {
    transitional: {
      silentJSONParsing: true,
      forcedJSONParsing: true,
      clarifyTimeoutError: false
    },
    adapter: [ 'xhr', 'http', 'fetch' ],
    transformRequest: [ [Function: transformRequest] ],
    transformResponse: [ [Function: transformResponse] ],
    timeout: 0,
    xsrfCookieName: 'XSRF-TOKEN',
    xsrfHeaderName: 'X-XSRF-TOKEN',
    maxContentLength: -1,
    maxBodyLength: -1,
    env: { FormData: [Function], Blob: [class Blob] },
    validateStatus: [Function: validateStatus],
    headers: Object [AxiosHeaders] {
      Accept: 'application/json, text/plain, */*',
      'Content-Type': 'application/json',
      'User-Agent': 'axios/1.7.5',
      'Content-Length': '23',
      'Accept-Encoding': 'gzip, compress, deflate, br'
    },
    method: 'put',
    url: 'http://192.168.0.62:3333/cartao/7885',
    data: '{"datetime":1729868733}'
  },
  request: <ref *1> Writable {
    _events: {
      close: undefined,
      error: [Function: handleRequestError],
      prefinish: undefined,
      finish: undefined,
      drain: undefined,
      response: [Function: handleResponse],
      socket: [Function: handleRequestSocket]
    },
    _writableState: WritableState {
      highWaterMark: 16384,
      length: 0,
      corked: 0,
      onwrite: [Function: bound onwrite],
      writelen: 0,
      bufferedIndex: 0,
      pendingcb: 0,
      [Symbol(kState)]: 17580812,
      [Symbol(kBufferedValue)]: null
    },
    _maxListeners: undefined,
    _options: {
      maxRedirects: 21,
      maxBodyLength: Infinity,
      protocol: 'http:',
      path: '/cartao/7885',
      method: 'PUT',
      headers: [Object: null prototype],
      agents: [Object],
      auth: undefined,
      family: undefined,
      beforeRedirect: [Function: dispatchBeforeRedirect],
      beforeRedirects: [Object],
      hostname: '192.168.0.62',
      port: '3333',
      agent: undefined,
      nativeProtocols: [Object],
      pathname: '/cartao/7885'
    },
    _ended: false,
    _ending: true,
    _redirectCount: 0,
    _redirects: [],
    _requestBodyLength: 23,
    _requestBodyBuffers: [ [Object] ],
    _eventsCount: 3,
    _onNativeResponse: [Function (anonymous)],
    _currentRequest: ClientRequest {
      _events: [Object: null prototype],
      _eventsCount: 7,
      _maxListeners: undefined,
      outputData: [],
      outputSize: 0,
      writable: true,
      destroyed: false,
      _last: false,
      chunkedEncoding: false,
      shouldKeepAlive: true,
      maxRequestsOnConnectionReached: false,
      _defaultKeepAlive: true,
      useChunkedEncodingByDefault: true,
      sendDate: false,
      _removedConnection: false,
      _removedContLen: false,
      _removedTE: false,
      strictContentLength: false,
      _contentLength: '23',
      _hasBody: true,
      _trailer: '',
      finished: false,
      _headerSent: true,
      _closed: false,
      socket: [Socket],
      _header: 'PUT /cartao/7885 HTTP/1.1\r\n' +
        'Accept: application/json, text/plain, */*\r\n' +
        'Content-Type: application/json\r\n' +
        'User-Agent: axios/1.7.5\r\n' +
        'Content-Length: 23\r\n' +
        'Accept-Encoding: gzip, compress, deflate, br\r\n' +
        'Host: 192.168.0.62:3333\r\n' +
        'Connection: keep-alive\r\n' +
        '\r\n',
      _keepAliveTimeout: 0,
      _onPendingData: [Function: nop],
      agent: [Agent],
      socketPath: undefined,
      method: 'PUT',
      maxHeaderSize: undefined,
      insecureHTTPParser: undefined,
      joinDuplicateHeaders: undefined,
      path: '/cartao/7885',
      _ended: false,
      res: null,
      aborted: false,
      timeoutCb: [Function: emitRequestTimeout],
      upgradeOrConnect: false,
      parser: null,
      maxHeadersCount: null,
      reusedSocket: false,
      host: '192.168.0.62',
      protocol: 'http:',
      _redirectable: [Circular *1],
      [Symbol(shapeMode)]: false,
      [Symbol(kCapture)]: false,
      [Symbol(kBytesWritten)]: 0,
      [Symbol(kNeedDrain)]: false,
      [Symbol(corked)]: 0,
      [Symbol(kOutHeaders)]: [Object: null prototype],
      [Symbol(errored)]: null,
      [Symbol(kHighWaterMark)]: 16384,
      [Symbol(kRejectNonStandardBodyWrites)]: false,
      [Symbol(kUniqueHeaders)]: null
    },
    _currentUrl: 'http://192.168.0.62:3333/cartao/7885',
    [Symbol(shapeMode)]: true,
    [Symbol(kCapture)]: false
  },
  cause: Error: connect ETIMEDOUT 192.168.0.62:3333
      at TCPConnectWrap.afterConnect [as oncomplete] (node:net:1607:16) {
    errno: -4039,
    code: 'ETIMEDOUT',
    syscall: 'connect',
    address: '192.168.0.62',
    port: 3333
  }
}
Erro ao fazer PUT para o id 7885: AxiosError: connect ETIMEDOUT 192.168.0.62:3333
    at AxiosError.from (C:\Projetos\aCasaBrasileira\Ponto\NAMINHAMAQUINAFUNCIONA\BancoDeDados\server\node_modules\axios\dist\node\axios.cjs:876:14)
    at RedirectableRequest.handleRequestError (C:\Projetos\aCasaBrasileira\Ponto\NAMINHAMAQUINAFUNCIONA\BancoDeDados\server\node_modules\axios\dist\node\axios.cjs:3156:25)
    at RedirectableRequest.emit (node:events:519:28)
    at eventHandlers.<computed> (C:\Projetos\aCasaBrasileira\Ponto\NAMINHAMAQUINAFUNCIONA\BancoDeDados\server\node_modules\follow-redirects\index.js:38:24)
    at ClientRequest.emit (node:events:519:28)
    at Socket.socketErrorListener (node:_http_client:500:9)
    at Socket.emit (node:events:519:28)
    at emitErrorNT (node:internal/streams/destroy:169:8)
    at emitErrorCloseNT (node:internal/streams/destroy:128:3)
    at process.processTicksAndRejections (node:internal/process/task_queues:82:21)
    at Axios.request (C:\Projetos\aCasaBrasileira\Ponto\NAMINHAMAQUINAFUNCIONA\BancoDeDados\server\node_modules\axios\dist\node\axios.cjs:4269:41)
    at process.processTicksAndRejections (node:internal/process/task_queues:95:5)
    at async processarDados (C:\Projetos\aCasaBrasileira\Ponto\NAMINHAMAQUINAFUNCIONA\BancoDeDados\server\enviarBanco.js:48:11) {
  port: 3333,
  address: '192.168.0.62',
  syscall: 'connect',
  code: 'ETIMEDOUT',
  errno: -4039,
  config: {
    transitional: {
      silentJSONParsing: true,
      forcedJSONParsing: true,
      clarifyTimeoutError: false
    },
    adapter: [ 'xhr', 'http', 'fetch' ],
    transformRequest: [ [Function: transformRequest] ],
    transformResponse: [ [Function: transformResponse] ],
    timeout: 0,
    xsrfCookieName: 'XSRF-TOKEN',
    xsrfHeaderName: 'X-XSRF-TOKEN',
    maxContentLength: -1,
    maxBodyLength: -1,
    env: { FormData: [Function], Blob: [class Blob] },
    validateStatus: [Function: validateStatus],
    headers: Object [AxiosHeaders] {
      Accept: 'application/json, text/plain, */*',
      'Content-Type': 'application/json',
      'User-Agent': 'axios/1.7.5',
      'Content-Length': '23',
      'Accept-Encoding': 'gzip, compress, deflate, br'
    },
    method: 'put',
    url: 'http://192.168.0.62:3333/cartao/7885',
    data: '{"datetime":1729868733}'
  },
  request: <ref *1> Writable {
    _events: {
      close: undefined,
      error: [Function: handleRequestError],
      prefinish: undefined,
      finish: undefined,
      drain: undefined,
      response: [Function: handleResponse],
      socket: [Function: handleRequestSocket]
    },
    _writableState: WritableState {
      highWaterMark: 16384,
      length: 0,
      corked: 0,
      onwrite: [Function: bound onwrite],
      writelen: 0,
      bufferedIndex: 0,
      pendingcb: 0,
      [Symbol(kState)]: 17580812,
      [Symbol(kBufferedValue)]: null
    },
    _maxListeners: undefined,
    _options: {
      maxRedirects: 21,
      maxBodyLength: Infinity,
      protocol: 'http:',
      path: '/cartao/7885',
      method: 'PUT',
      headers: [Object: null prototype],
      agents: [Object],
      auth: undefined,
      family: undefined,
      beforeRedirect: [Function: dispatchBeforeRedirect],
      beforeRedirects: [Object],
      hostname: '192.168.0.62',
      port: '3333',
      agent: undefined,
      nativeProtocols: [Object],
      pathname: '/cartao/7885'
    },
    _ended: false,
    _ending: true,
    _redirectCount: 0,
    _redirects: [],
    _requestBodyLength: 23,
    _requestBodyBuffers: [ [Object] ],
    _eventsCount: 3,
    _onNativeResponse: [Function (anonymous)],
    _currentRequest: ClientRequest {
      _events: [Object: null prototype],
      _eventsCount: 7,
      _maxListeners: undefined,
      outputData: [],
      outputSize: 0,
      writable: true,
      destroyed: false,
      _last: false,
      chunkedEncoding: false,
      shouldKeepAlive: true,
      maxRequestsOnConnectionReached: false,
      _defaultKeepAlive: true,
      useChunkedEncodingByDefault: true,
      sendDate: false,
      _removedConnection: false,
      _removedContLen: false,
      _removedTE: false,
      strictContentLength: false,
      _contentLength: '23',
      _hasBody: true,
      _trailer: '',
      finished: false,
      _headerSent: true,
      _closed: false,
      socket: [Socket],
      _header: 'PUT /cartao/7885 HTTP/1.1\r\n' +
        'Accept: application/json, text/plain, */*\r\n' +
        'Content-Type: application/json\r\n' +
        'User-Agent: axios/1.7.5\r\n' +
        'Content-Length: 23\r\n' +
        'Accept-Encoding: gzip, compress, deflate, br\r\n' +
        'Host: 192.168.0.62:3333\r\n' +
        'Connection: keep-alive\r\n' +
        '\r\n',
      _keepAliveTimeout: 0,
      _onPendingData: [Function: nop],
      agent: [Agent],
      socketPath: undefined,
      method: 'PUT',
      maxHeaderSize: undefined,
      insecureHTTPParser: undefined,
      joinDuplicateHeaders: undefined,
      path: '/cartao/7885',
      _ended: false,
      res: null,
      aborted: false,
      timeoutCb: [Function: emitRequestTimeout],
      upgradeOrConnect: false,
      parser: null,
      maxHeadersCount: null,
      reusedSocket: false,
      host: '192.168.0.62',
      protocol: 'http:',
      _redirectable: [Circular *1],
      [Symbol(shapeMode)]: false,
      [Symbol(kCapture)]: false,
      [Symbol(kBytesWritten)]: 0,
      [Symbol(kNeedDrain)]: false,
      [Symbol(corked)]: 0,
      [Symbol(kOutHeaders)]: [Object: null prototype],
      [Symbol(errored)]: null,
      [Symbol(kHighWaterMark)]: 16384,
      [Symbol(kRejectNonStandardBodyWrites)]: false,
      [Symbol(kUniqueHeaders)]: null
    },
    _currentUrl: 'http://192.168.0.62:3333/cartao/7885',
    [Symbol(shapeMode)]: true,
    [Symbol(kCapture)]: false
  },
  cause: Error: connect ETIMEDOUT 192.168.0.62:3333
      at TCPConnectWrap.afterConnect [as oncomplete] (node:net:1607:16) {
    errno: -4039,
    code: 'ETIMEDOUT',
    syscall: 'connect',
    address: '192.168.0.62',
    port: 3333
  }
}
